src/app/books/page.tsx(4,24): error TS1149: File name 'C:/Users/cheni/OneDrive/Desktop/iTestPapers/itest-papers/src/components/ui/Button.tsx' differs from already included file name 'C:/Users/cheni/OneDrive/Desktop/iTestPapers/itest-papers/src/components/ui/button.tsx' only in casing.
  The file is in the program because:
    Imported via "@/components/ui/button" from file 'C:/Users/cheni/OneDrive/Desktop/iTestPapers/itest-papers/src/components/Header.tsx'
    Imported via "@/components/ui/Button" from file 'C:/Users/cheni/OneDrive/Desktop/iTestPapers/itest-papers/src/app/page.tsx'
    Imported via "@/components/ui/Button" from file 'C:/Users/cheni/OneDrive/Desktop/iTestPapers/itest-papers/src/app/books/page.tsx'
    Imported via "@/components/ui/Button" from file 'C:/Users/cheni/OneDrive/Desktop/iTestPapers/itest-papers/src/app/courses/page.tsx'
    Imported via "@/components/ui/Button" from file 'C:/Users/cheni/OneDrive/Desktop/iTestPapers/itest-papers/src/app/dashboard/page.tsx'
    Imported via "@/components/ui/Button" from file 'C:/Users/cheni/OneDrive/Desktop/iTestPapers/itest-papers/src/app/login/page.tsx'
    Imported via "@/components/ui/Button" from file 'C:/Users/cheni/OneDrive/Desktop/iTestPapers/itest-papers/src/app/pricing/page.tsx'
    Imported via "@/components/ui/Button" from file 'C:/Users/cheni/OneDrive/Desktop/iTestPapers/itest-papers/src/components/RazorpayCheckout.tsx'
    Imported via "@/components/ui/Button" from file 'C:/Users/cheni/OneDrive/Desktop/iTestPapers/itest-papers/src/app/register/page.tsx'
    Imported via "@/components/ui/Button" from file 'C:/Users/cheni/OneDrive/Desktop/iTestPapers/itest-papers/src/app/subjects/[id]/page.tsx'
    Imported via "@/components/ui/Button" from file 'C:/Users/cheni/OneDrive/Desktop/iTestPapers/itest-papers/src/components/ContentLockOverlay.tsx'
    Imported via "@/components/ui/button" from file 'C:/Users/cheni/OneDrive/Desktop/iTestPapers/itest-papers/src/components/HeroSection.tsx'
    Imported via "@/components/ui/button" from file 'C:/Users/cheni/OneDrive/Desktop/iTestPapers/itest-papers/src/components/SamplePreview.tsx'
    Imported via "@/components/ui/button" from file 'C:/Users/cheni/OneDrive/Desktop/iTestPapers/itest-papers/src/components/SubjectsGrid.tsx'
    Matched by include pattern '**/*.tsx' in 'C:/Users/cheni/OneDrive/Desktop/iTestPapers/itest-papers/tsconfig.json'
src/app/courses/page.tsx(4,24): error TS1149: File name 'C:/Users/cheni/OneDrive/Desktop/iTestPapers/itest-papers/src/components/ui/Button.tsx' differs from already included file name 'C:/Users/cheni/OneDrive/Desktop/iTestPapers/itest-papers/src/components/ui/button.tsx' only in casing.
  The file is in the program because:
    Imported via "@/components/ui/button" from file 'C:/Users/cheni/OneDrive/Desktop/iTestPapers/itest-papers/src/components/Header.tsx'
    Imported via "@/components/ui/Button" from file 'C:/Users/cheni/OneDrive/Desktop/iTestPapers/itest-papers/src/app/page.tsx'
    Imported via "@/components/ui/Button" from file 'C:/Users/cheni/OneDrive/Desktop/iTestPapers/itest-papers/src/app/books/page.tsx'
    Imported via "@/components/ui/Button" from file 'C:/Users/cheni/OneDrive/Desktop/iTestPapers/itest-papers/src/app/courses/page.tsx'
    Imported via "@/components/ui/Button" from file 'C:/Users/cheni/OneDrive/Desktop/iTestPapers/itest-papers/src/app/dashboard/page.tsx'
    Imported via "@/components/ui/Button" from file 'C:/Users/cheni/OneDrive/Desktop/iTestPapers/itest-papers/src/app/login/page.tsx'
    Imported via "@/components/ui/Button" from file 'C:/Users/cheni/OneDrive/Desktop/iTestPapers/itest-papers/src/app/pricing/page.tsx'
    Imported via "@/components/ui/Button" from file 'C:/Users/cheni/OneDrive/Desktop/iTestPapers/itest-papers/src/components/RazorpayCheckout.tsx'
    Imported via "@/components/ui/Button" from file 'C:/Users/cheni/OneDrive/Desktop/iTestPapers/itest-papers/src/app/register/page.tsx'
    Imported via "@/components/ui/Button" from file 'C:/Users/cheni/OneDrive/Desktop/iTestPapers/itest-papers/src/app/subjects/[id]/page.tsx'
    Imported via "@/components/ui/Button" from file 'C:/Users/cheni/OneDrive/Desktop/iTestPapers/itest-papers/src/components/ContentLockOverlay.tsx'
    Imported via "@/components/ui/button" from file 'C:/Users/cheni/OneDrive/Desktop/iTestPapers/itest-papers/src/components/HeroSection.tsx'
    Imported via "@/components/ui/button" from file 'C:/Users/cheni/OneDrive/Desktop/iTestPapers/itest-papers/src/components/SamplePreview.tsx'
    Imported via "@/components/ui/button" from file 'C:/Users/cheni/OneDrive/Desktop/iTestPapers/itest-papers/src/components/SubjectsGrid.tsx'
    Matched by include pattern '**/*.tsx' in 'C:/Users/cheni/OneDrive/Desktop/iTestPapers/itest-papers/tsconfig.json'
src/app/dashboard/page.tsx(7,24): error TS1149: File name 'C:/Users/cheni/OneDrive/Desktop/iTestPapers/itest-papers/src/components/ui/Button.tsx' differs from already included file name 'C:/Users/cheni/OneDrive/Desktop/iTestPapers/itest-papers/src/components/ui/button.tsx' only in casing.
  The file is in the program because:
    Imported via "@/components/ui/button" from file 'C:/Users/cheni/OneDrive/Desktop/iTestPapers/itest-papers/src/components/Header.tsx'
    Imported via "@/components/ui/Button" from file 'C:/Users/cheni/OneDrive/Desktop/iTestPapers/itest-papers/src/app/page.tsx'
    Imported via "@/components/ui/Button" from file 'C:/Users/cheni/OneDrive/Desktop/iTestPapers/itest-papers/src/app/books/page.tsx'
    Imported via "@/components/ui/Button" from file 'C:/Users/cheni/OneDrive/Desktop/iTestPapers/itest-papers/src/app/courses/page.tsx'
    Imported via "@/components/ui/Button" from file 'C:/Users/cheni/OneDrive/Desktop/iTestPapers/itest-papers/src/app/dashboard/page.tsx'
    Imported via "@/components/ui/Button" from file 'C:/Users/cheni/OneDrive/Desktop/iTestPapers/itest-papers/src/app/login/page.tsx'
    Imported via "@/components/ui/Button" from file 'C:/Users/cheni/OneDrive/Desktop/iTestPapers/itest-papers/src/app/pricing/page.tsx'
    Imported via "@/components/ui/Button" from file 'C:/Users/cheni/OneDrive/Desktop/iTestPapers/itest-papers/src/components/RazorpayCheckout.tsx'
    Imported via "@/components/ui/Button" from file 'C:/Users/cheni/OneDrive/Desktop/iTestPapers/itest-papers/src/app/register/page.tsx'
    Imported via "@/components/ui/Button" from file 'C:/Users/cheni/OneDrive/Desktop/iTestPapers/itest-papers/src/app/subjects/[id]/page.tsx'
    Imported via "@/components/ui/Button" from file 'C:/Users/cheni/OneDrive/Desktop/iTestPapers/itest-papers/src/components/ContentLockOverlay.tsx'
    Imported via "@/components/ui/button" from file 'C:/Users/cheni/OneDrive/Desktop/iTestPapers/itest-papers/src/components/HeroSection.tsx'
    Imported via "@/components/ui/button" from file 'C:/Users/cheni/OneDrive/Desktop/iTestPapers/itest-papers/src/components/SamplePreview.tsx'
    Imported via "@/components/ui/button" from file 'C:/Users/cheni/OneDrive/Desktop/iTestPapers/itest-papers/src/components/SubjectsGrid.tsx'
    Matched by include pattern '**/*.tsx' in 'C:/Users/cheni/OneDrive/Desktop/iTestPapers/itest-papers/tsconfig.json'
src/app/login/page.tsx(6,24): error TS1149: File name 'C:/Users/cheni/OneDrive/Desktop/iTestPapers/itest-papers/src/components/ui/Button.tsx' differs from already included file name 'C:/Users/cheni/OneDrive/Desktop/iTestPapers/itest-papers/src/components/ui/button.tsx' only in casing.
  The file is in the program because:
    Imported via "@/components/ui/button" from file 'C:/Users/cheni/OneDrive/Desktop/iTestPapers/itest-papers/src/components/Header.tsx'
    Imported via "@/components/ui/Button" from file 'C:/Users/cheni/OneDrive/Desktop/iTestPapers/itest-papers/src/app/page.tsx'
    Imported via "@/components/ui/Button" from file 'C:/Users/cheni/OneDrive/Desktop/iTestPapers/itest-papers/src/app/books/page.tsx'
    Imported via "@/components/ui/Button" from file 'C:/Users/cheni/OneDrive/Desktop/iTestPapers/itest-papers/src/app/courses/page.tsx'
    Imported via "@/components/ui/Button" from file 'C:/Users/cheni/OneDrive/Desktop/iTestPapers/itest-papers/src/app/dashboard/page.tsx'
    Imported via "@/components/ui/Button" from file 'C:/Users/cheni/OneDrive/Desktop/iTestPapers/itest-papers/src/app/login/page.tsx'
    Imported via "@/components/ui/Button" from file 'C:/Users/cheni/OneDrive/Desktop/iTestPapers/itest-papers/src/app/pricing/page.tsx'
    Imported via "@/components/ui/Button" from file 'C:/Users/cheni/OneDrive/Desktop/iTestPapers/itest-papers/src/components/RazorpayCheckout.tsx'
    Imported via "@/components/ui/Button" from file 'C:/Users/cheni/OneDrive/Desktop/iTestPapers/itest-papers/src/app/register/page.tsx'
    Imported via "@/components/ui/Button" from file 'C:/Users/cheni/OneDrive/Desktop/iTestPapers/itest-papers/src/app/subjects/[id]/page.tsx'
    Imported via "@/components/ui/Button" from file 'C:/Users/cheni/OneDrive/Desktop/iTestPapers/itest-papers/src/components/ContentLockOverlay.tsx'
    Imported via "@/components/ui/button" from file 'C:/Users/cheni/OneDrive/Desktop/iTestPapers/itest-papers/src/components/HeroSection.tsx'
    Imported via "@/components/ui/button" from file 'C:/Users/cheni/OneDrive/Desktop/iTestPapers/itest-papers/src/components/SamplePreview.tsx'
    Imported via "@/components/ui/button" from file 'C:/Users/cheni/OneDrive/Desktop/iTestPapers/itest-papers/src/components/SubjectsGrid.tsx'
    Matched by include pattern '**/*.tsx' in 'C:/Users/cheni/OneDrive/Desktop/iTestPapers/itest-papers/tsconfig.json'
src/app/page.tsx(3,24): error TS1149: File name 'C:/Users/cheni/OneDrive/Desktop/iTestPapers/itest-papers/src/components/ui/Button.tsx' differs from already included file name 'C:/Users/cheni/OneDrive/Desktop/iTestPapers/itest-papers/src/components/ui/button.tsx' only in casing.
  The file is in the program because:
    Imported via "@/components/ui/button" from file 'C:/Users/cheni/OneDrive/Desktop/iTestPapers/itest-papers/src/components/Header.tsx'
    Imported via "@/components/ui/Button" from file 'C:/Users/cheni/OneDrive/Desktop/iTestPapers/itest-papers/src/app/page.tsx'
    Imported via "@/components/ui/Button" from file 'C:/Users/cheni/OneDrive/Desktop/iTestPapers/itest-papers/src/app/books/page.tsx'
    Imported via "@/components/ui/Button" from file 'C:/Users/cheni/OneDrive/Desktop/iTestPapers/itest-papers/src/app/courses/page.tsx'
    Imported via "@/components/ui/Button" from file 'C:/Users/cheni/OneDrive/Desktop/iTestPapers/itest-papers/src/app/dashboard/page.tsx'
    Imported via "@/components/ui/Button" from file 'C:/Users/cheni/OneDrive/Desktop/iTestPapers/itest-papers/src/app/login/page.tsx'
    Imported via "@/components/ui/Button" from file 'C:/Users/cheni/OneDrive/Desktop/iTestPapers/itest-papers/src/app/pricing/page.tsx'
    Imported via "@/components/ui/Button" from file 'C:/Users/cheni/OneDrive/Desktop/iTestPapers/itest-papers/src/components/RazorpayCheckout.tsx'
    Imported via "@/components/ui/Button" from file 'C:/Users/cheni/OneDrive/Desktop/iTestPapers/itest-papers/src/app/register/page.tsx'
    Imported via "@/components/ui/Button" from file 'C:/Users/cheni/OneDrive/Desktop/iTestPapers/itest-papers/src/app/subjects/[id]/page.tsx'
    Imported via "@/components/ui/Button" from file 'C:/Users/cheni/OneDrive/Desktop/iTestPapers/itest-papers/src/components/ContentLockOverlay.tsx'
    Imported via "@/components/ui/button" from file 'C:/Users/cheni/OneDrive/Desktop/iTestPapers/itest-papers/src/components/HeroSection.tsx'
    Imported via "@/components/ui/button" from file 'C:/Users/cheni/OneDrive/Desktop/iTestPapers/itest-papers/src/components/SamplePreview.tsx'
    Imported via "@/components/ui/button" from file 'C:/Users/cheni/OneDrive/Desktop/iTestPapers/itest-papers/src/components/SubjectsGrid.tsx'
    Matched by include pattern '**/*.tsx' in 'C:/Users/cheni/OneDrive/Desktop/iTestPapers/itest-papers/tsconfig.json'
src/app/pricing/page.tsx(3,24): error TS1149: File name 'C:/Users/cheni/OneDrive/Desktop/iTestPapers/itest-papers/src/components/ui/Button.tsx' differs from already included file name 'C:/Users/cheni/OneDrive/Desktop/iTestPapers/itest-papers/src/components/ui/button.tsx' only in casing.
  The file is in the program because:
    Imported via "@/components/ui/button" from file 'C:/Users/cheni/OneDrive/Desktop/iTestPapers/itest-papers/src/components/Header.tsx'
    Imported via "@/components/ui/Button" from file 'C:/Users/cheni/OneDrive/Desktop/iTestPapers/itest-papers/src/app/page.tsx'
    Imported via "@/components/ui/Button" from file 'C:/Users/cheni/OneDrive/Desktop/iTestPapers/itest-papers/src/app/books/page.tsx'
    Imported via "@/components/ui/Button" from file 'C:/Users/cheni/OneDrive/Desktop/iTestPapers/itest-papers/src/app/courses/page.tsx'
    Imported via "@/components/ui/Button" from file 'C:/Users/cheni/OneDrive/Desktop/iTestPapers/itest-papers/src/app/dashboard/page.tsx'
    Imported via "@/components/ui/Button" from file 'C:/Users/cheni/OneDrive/Desktop/iTestPapers/itest-papers/src/app/login/page.tsx'
    Imported via "@/components/ui/Button" from file 'C:/Users/cheni/OneDrive/Desktop/iTestPapers/itest-papers/src/app/pricing/page.tsx'
    Imported via "@/components/ui/Button" from file 'C:/Users/cheni/OneDrive/Desktop/iTestPapers/itest-papers/src/components/RazorpayCheckout.tsx'
    Imported via "@/components/ui/Button" from file 'C:/Users/cheni/OneDrive/Desktop/iTestPapers/itest-papers/src/app/register/page.tsx'
    Imported via "@/components/ui/Button" from file 'C:/Users/cheni/OneDrive/Desktop/iTestPapers/itest-papers/src/app/subjects/[id]/page.tsx'
    Imported via "@/components/ui/Button" from file 'C:/Users/cheni/OneDrive/Desktop/iTestPapers/itest-papers/src/components/ContentLockOverlay.tsx'
    Imported via "@/components/ui/button" from file 'C:/Users/cheni/OneDrive/Desktop/iTestPapers/itest-papers/src/components/HeroSection.tsx'
    Imported via "@/components/ui/button" from file 'C:/Users/cheni/OneDrive/Desktop/iTestPapers/itest-papers/src/components/SamplePreview.tsx'
    Imported via "@/components/ui/button" from file 'C:/Users/cheni/OneDrive/Desktop/iTestPapers/itest-papers/src/components/SubjectsGrid.tsx'
    Matched by include pattern '**/*.tsx' in 'C:/Users/cheni/OneDrive/Desktop/iTestPapers/itest-papers/tsconfig.json'
src/app/register/page.tsx(6,24): error TS1149: File name 'C:/Users/cheni/OneDrive/Desktop/iTestPapers/itest-papers/src/components/ui/Button.tsx' differs from already included file name 'C:/Users/cheni/OneDrive/Desktop/iTestPapers/itest-papers/src/components/ui/button.tsx' only in casing.
  The file is in the program because:
    Imported via "@/components/ui/button" from file 'C:/Users/cheni/OneDrive/Desktop/iTestPapers/itest-papers/src/components/Header.tsx'
    Imported via "@/components/ui/Button" from file 'C:/Users/cheni/OneDrive/Desktop/iTestPapers/itest-papers/src/app/page.tsx'
    Imported via "@/components/ui/Button" from file 'C:/Users/cheni/OneDrive/Desktop/iTestPapers/itest-papers/src/app/books/page.tsx'
    Imported via "@/components/ui/Button" from file 'C:/Users/cheni/OneDrive/Desktop/iTestPapers/itest-papers/src/app/courses/page.tsx'
    Imported via "@/components/ui/Button" from file 'C:/Users/cheni/OneDrive/Desktop/iTestPapers/itest-papers/src/app/dashboard/page.tsx'
    Imported via "@/components/ui/Button" from file 'C:/Users/cheni/OneDrive/Desktop/iTestPapers/itest-papers/src/app/login/page.tsx'
    Imported via "@/components/ui/Button" from file 'C:/Users/cheni/OneDrive/Desktop/iTestPapers/itest-papers/src/app/pricing/page.tsx'
    Imported via "@/components/ui/Button" from file 'C:/Users/cheni/OneDrive/Desktop/iTestPapers/itest-papers/src/components/RazorpayCheckout.tsx'
    Imported via "@/components/ui/Button" from file 'C:/Users/cheni/OneDrive/Desktop/iTestPapers/itest-papers/src/app/register/page.tsx'
    Imported via "@/components/ui/Button" from file 'C:/Users/cheni/OneDrive/Desktop/iTestPapers/itest-papers/src/app/subjects/[id]/page.tsx'
    Imported via "@/components/ui/Button" from file 'C:/Users/cheni/OneDrive/Desktop/iTestPapers/itest-papers/src/components/ContentLockOverlay.tsx'
    Imported via "@/components/ui/button" from file 'C:/Users/cheni/OneDrive/Desktop/iTestPapers/itest-papers/src/components/HeroSection.tsx'
    Imported via "@/components/ui/button" from file 'C:/Users/cheni/OneDrive/Desktop/iTestPapers/itest-papers/src/components/SamplePreview.tsx'
    Imported via "@/components/ui/button" from file 'C:/Users/cheni/OneDrive/Desktop/iTestPapers/itest-papers/src/components/SubjectsGrid.tsx'
    Matched by include pattern '**/*.tsx' in 'C:/Users/cheni/OneDrive/Desktop/iTestPapers/itest-papers/tsconfig.json'
src/app/subjects/[id]/page.tsx(4,24): error TS1149: File name 'C:/Users/cheni/OneDrive/Desktop/iTestPapers/itest-papers/src/components/ui/Button.tsx' differs from already included file name 'C:/Users/cheni/OneDrive/Desktop/iTestPapers/itest-papers/src/components/ui/button.tsx' only in casing.
  The file is in the program because:
    Imported via "@/components/ui/button" from file 'C:/Users/cheni/OneDrive/Desktop/iTestPapers/itest-papers/src/components/Header.tsx'
    Imported via "@/components/ui/Button" from file 'C:/Users/cheni/OneDrive/Desktop/iTestPapers/itest-papers/src/app/page.tsx'
    Imported via "@/components/ui/Button" from file 'C:/Users/cheni/OneDrive/Desktop/iTestPapers/itest-papers/src/app/books/page.tsx'
    Imported via "@/components/ui/Button" from file 'C:/Users/cheni/OneDrive/Desktop/iTestPapers/itest-papers/src/app/courses/page.tsx'
    Imported via "@/components/ui/Button" from file 'C:/Users/cheni/OneDrive/Desktop/iTestPapers/itest-papers/src/app/dashboard/page.tsx'
    Imported via "@/components/ui/Button" from file 'C:/Users/cheni/OneDrive/Desktop/iTestPapers/itest-papers/src/app/login/page.tsx'
    Imported via "@/components/ui/Button" from file 'C:/Users/cheni/OneDrive/Desktop/iTestPapers/itest-papers/src/app/pricing/page.tsx'
    Imported via "@/components/ui/Button" from file 'C:/Users/cheni/OneDrive/Desktop/iTestPapers/itest-papers/src/components/RazorpayCheckout.tsx'
    Imported via "@/components/ui/Button" from file 'C:/Users/cheni/OneDrive/Desktop/iTestPapers/itest-papers/src/app/register/page.tsx'
    Imported via "@/components/ui/Button" from file 'C:/Users/cheni/OneDrive/Desktop/iTestPapers/itest-papers/src/app/subjects/[id]/page.tsx'
    Imported via "@/components/ui/Button" from file 'C:/Users/cheni/OneDrive/Desktop/iTestPapers/itest-papers/src/components/ContentLockOverlay.tsx'
    Imported via "@/components/ui/button" from file 'C:/Users/cheni/OneDrive/Desktop/iTestPapers/itest-papers/src/components/HeroSection.tsx'
    Imported via "@/components/ui/button" from file 'C:/Users/cheni/OneDrive/Desktop/iTestPapers/itest-papers/src/components/SamplePreview.tsx'
    Imported via "@/components/ui/button" from file 'C:/Users/cheni/OneDrive/Desktop/iTestPapers/itest-papers/src/components/SubjectsGrid.tsx'
    Matched by include pattern '**/*.tsx' in 'C:/Users/cheni/OneDrive/Desktop/iTestPapers/itest-papers/tsconfig.json'
src/auth.ts(60,35): error TS2339: Property 'role' does not exist on type 'User | AdapterUser'.
  Property 'role' does not exist on type 'User'.
src/components/ContentLockOverlay.tsx(1,24): error TS1149: File name 'C:/Users/cheni/OneDrive/Desktop/iTestPapers/itest-papers/src/components/ui/Button.tsx' differs from already included file name 'C:/Users/cheni/OneDrive/Desktop/iTestPapers/itest-papers/src/components/ui/button.tsx' only in casing.
  The file is in the program because:
    Imported via "@/components/ui/button" from file 'C:/Users/cheni/OneDrive/Desktop/iTestPapers/itest-papers/src/components/Header.tsx'
    Imported via "@/components/ui/Button" from file 'C:/Users/cheni/OneDrive/Desktop/iTestPapers/itest-papers/src/app/page.tsx'
    Imported via "@/components/ui/Button" from file 'C:/Users/cheni/OneDrive/Desktop/iTestPapers/itest-papers/src/app/books/page.tsx'
    Imported via "@/components/ui/Button" from file 'C:/Users/cheni/OneDrive/Desktop/iTestPapers/itest-papers/src/app/courses/page.tsx'
    Imported via "@/components/ui/Button" from file 'C:/Users/cheni/OneDrive/Desktop/iTestPapers/itest-papers/src/app/dashboard/page.tsx'
    Imported via "@/components/ui/Button" from file 'C:/Users/cheni/OneDrive/Desktop/iTestPapers/itest-papers/src/app/login/page.tsx'
    Imported via "@/components/ui/Button" from file 'C:/Users/cheni/OneDrive/Desktop/iTestPapers/itest-papers/src/app/pricing/page.tsx'
    Imported via "@/components/ui/Button" from file 'C:/Users/cheni/OneDrive/Desktop/iTestPapers/itest-papers/src/components/RazorpayCheckout.tsx'
    Imported via "@/components/ui/Button" from file 'C:/Users/cheni/OneDrive/Desktop/iTestPapers/itest-papers/src/app/register/page.tsx'
    Imported via "@/components/ui/Button" from file 'C:/Users/cheni/OneDrive/Desktop/iTestPapers/itest-papers/src/app/subjects/[id]/page.tsx'
    Imported via "@/components/ui/Button" from file 'C:/Users/cheni/OneDrive/Desktop/iTestPapers/itest-papers/src/components/ContentLockOverlay.tsx'
    Imported via "@/components/ui/button" from file 'C:/Users/cheni/OneDrive/Desktop/iTestPapers/itest-papers/src/components/HeroSection.tsx'
    Imported via "@/components/ui/button" from file 'C:/Users/cheni/OneDrive/Desktop/iTestPapers/itest-papers/src/components/SamplePreview.tsx'
    Imported via "@/components/ui/button" from file 'C:/Users/cheni/OneDrive/Desktop/iTestPapers/itest-papers/src/components/SubjectsGrid.tsx'
    Matched by include pattern '**/*.tsx' in 'C:/Users/cheni/OneDrive/Desktop/iTestPapers/itest-papers/tsconfig.json'
src/components/Header.tsx(6,24): error TS1261: Already included file name 'C:/Users/cheni/OneDrive/Desktop/iTestPapers/itest-papers/src/components/ui/button.tsx' differs from file name 'C:/Users/cheni/OneDrive/Desktop/iTestPapers/itest-papers/src/components/ui/Button.tsx' only in casing.
  The file is in the program because:
    Imported via "@/components/ui/button" from file 'C:/Users/cheni/OneDrive/Desktop/iTestPapers/itest-papers/src/components/Header.tsx'
    Imported via "@/components/ui/Button" from file 'C:/Users/cheni/OneDrive/Desktop/iTestPapers/itest-papers/src/app/page.tsx'
    Imported via "@/components/ui/Button" from file 'C:/Users/cheni/OneDrive/Desktop/iTestPapers/itest-papers/src/app/books/page.tsx'
    Imported via "@/components/ui/Button" from file 'C:/Users/cheni/OneDrive/Desktop/iTestPapers/itest-papers/src/app/courses/page.tsx'
    Imported via "@/components/ui/Button" from file 'C:/Users/cheni/OneDrive/Desktop/iTestPapers/itest-papers/src/app/dashboard/page.tsx'
    Imported via "@/components/ui/Button" from file 'C:/Users/cheni/OneDrive/Desktop/iTestPapers/itest-papers/src/app/login/page.tsx'
    Imported via "@/components/ui/Button" from file 'C:/Users/cheni/OneDrive/Desktop/iTestPapers/itest-papers/src/app/pricing/page.tsx'
    Imported via "@/components/ui/Button" from file 'C:/Users/cheni/OneDrive/Desktop/iTestPapers/itest-papers/src/components/RazorpayCheckout.tsx'
    Imported via "@/components/ui/Button" from file 'C:/Users/cheni/OneDrive/Desktop/iTestPapers/itest-papers/src/app/register/page.tsx'
    Imported via "@/components/ui/Button" from file 'C:/Users/cheni/OneDrive/Desktop/iTestPapers/itest-papers/src/app/subjects/[id]/page.tsx'
    Imported via "@/components/ui/Button" from file 'C:/Users/cheni/OneDrive/Desktop/iTestPapers/itest-papers/src/components/ContentLockOverlay.tsx'
    Imported via "@/components/ui/button" from file 'C:/Users/cheni/OneDrive/Desktop/iTestPapers/itest-papers/src/components/HeroSection.tsx'
    Imported via "@/components/ui/button" from file 'C:/Users/cheni/OneDrive/Desktop/iTestPapers/itest-papers/src/components/SamplePreview.tsx'
    Imported via "@/components/ui/button" from file 'C:/Users/cheni/OneDrive/Desktop/iTestPapers/itest-papers/src/components/SubjectsGrid.tsx'
    Matched by include pattern '**/*.tsx' in 'C:/Users/cheni/OneDrive/Desktop/iTestPapers/itest-papers/tsconfig.json'
src/components/RazorpayCheckout.tsx(4,24): error TS1149: File name 'C:/Users/cheni/OneDrive/Desktop/iTestPapers/itest-papers/src/components/ui/Button.tsx' differs from already included file name 'C:/Users/cheni/OneDrive/Desktop/iTestPapers/itest-papers/src/components/ui/button.tsx' only in casing.
  The file is in the program because:
    Imported via "@/components/ui/button" from file 'C:/Users/cheni/OneDrive/Desktop/iTestPapers/itest-papers/src/components/Header.tsx'
    Imported via "@/components/ui/Button" from file 'C:/Users/cheni/OneDrive/Desktop/iTestPapers/itest-papers/src/app/page.tsx'
    Imported via "@/components/ui/Button" from file 'C:/Users/cheni/OneDrive/Desktop/iTestPapers/itest-papers/src/app/books/page.tsx'
    Imported via "@/components/ui/Button" from file 'C:/Users/cheni/OneDrive/Desktop/iTestPapers/itest-papers/src/app/courses/page.tsx'
    Imported via "@/components/ui/Button" from file 'C:/Users/cheni/OneDrive/Desktop/iTestPapers/itest-papers/src/app/dashboard/page.tsx'
    Imported via "@/components/ui/Button" from file 'C:/Users/cheni/OneDrive/Desktop/iTestPapers/itest-papers/src/app/login/page.tsx'
    Imported via "@/components/ui/Button" from file 'C:/Users/cheni/OneDrive/Desktop/iTestPapers/itest-papers/src/app/pricing/page.tsx'
    Imported via "@/components/ui/Button" from file 'C:/Users/cheni/OneDrive/Desktop/iTestPapers/itest-papers/src/components/RazorpayCheckout.tsx'
    Imported via "@/components/ui/Button" from file 'C:/Users/cheni/OneDrive/Desktop/iTestPapers/itest-papers/src/app/register/page.tsx'
    Imported via "@/components/ui/Button" from file 'C:/Users/cheni/OneDrive/Desktop/iTestPapers/itest-papers/src/app/subjects/[id]/page.tsx'
    Imported via "@/components/ui/Button" from file 'C:/Users/cheni/OneDrive/Desktop/iTestPapers/itest-papers/src/components/ContentLockOverlay.tsx'
    Imported via "@/components/ui/button" from file 'C:/Users/cheni/OneDrive/Desktop/iTestPapers/itest-papers/src/components/HeroSection.tsx'
    Imported via "@/components/ui/button" from file 'C:/Users/cheni/OneDrive/Desktop/iTestPapers/itest-papers/src/components/SamplePreview.tsx'
    Imported via "@/components/ui/button" from file 'C:/Users/cheni/OneDrive/Desktop/iTestPapers/itest-papers/src/components/SubjectsGrid.tsx'
    Matched by include pattern '**/*.tsx' in 'C:/Users/cheni/OneDrive/Desktop/iTestPapers/itest-papers/tsconfig.json'
